node_modules/permissionless/accounts/biconomy/toBiconomySmartAccount.ts(348,38): error TS2339: Property 'chain' does not exist on type 'never'.
  The intersection 'Client<Transport, Chain, JsonRpcAccount | { address: `0x${string}`; nonceManager?: NonceManager; sign?: (parameters: { hash: `0x${string}`; }) => Promise<...>; ... 6 more ...; type: "local"; }>' was reduced to 'never' because property 'cacheTime' has conflicting types in some constituents.
node_modules/permissionless/accounts/etherspot/toEtherspotSmartAccount.ts(250,26): error TS2339: Property 'chain' does not exist on type 'never'.
  The intersection 'Client<Transport, Chain, { address: `0x${string}`; nonceManager?: NonceManager; sign?: (parameters: { hash: `0x${string}`; }) => Promise<`0x${string}`>; signAuthorization?: (parameters: AuthorizationRequest) => Promise<...>; ... 5 more ...; type: "local"; } | JsonRpcAccount>' was reduced to 'never' because property 'cacheTime' has conflicting types in some constituents.
node_modules/permissionless/accounts/etherspot/toEtherspotSmartAccount.ts(251,22): error TS2339: Property 'chain' does not exist on type 'never'.
  The intersection 'Client<Transport, Chain, { address: `0x${string}`; nonceManager?: NonceManager; sign?: (parameters: { hash: `0x${string}`; }) => Promise<`0x${string}`>; signAuthorization?: (parameters: AuthorizationRequest) => Promise<...>; ... 5 more ...; type: "local"; } | JsonRpcAccount>' was reduced to 'never' because property 'cacheTime' has conflicting types in some constituents.
node_modules/permissionless/accounts/kernel/toKernelSmartAccount.ts(630,26): error TS2339: Property 'chain' does not exist on type 'never'.
  The intersection 'Client<Transport, Chain, { address: `0x${string}`; nonceManager?: NonceManager; sign?: (parameters: { hash: `0x${string}`; }) => Promise<`0x${string}`>; signAuthorization?: (parameters: AuthorizationRequest) => Promise<...>; ... 5 more ...; type: "local"; } | JsonRpcAccount>' was reduced to 'never' because property 'cacheTime' has conflicting types in some constituents.
node_modules/permissionless/accounts/kernel/toKernelSmartAccount.ts(631,22): error TS2339: Property 'chain' does not exist on type 'never'.
  The intersection 'Client<Transport, Chain, { address: `0x${string}`; nonceManager?: NonceManager; sign?: (parameters: { hash: `0x${string}`; }) => Promise<`0x${string}`>; signAuthorization?: (parameters: AuthorizationRequest) => Promise<...>; ... 5 more ...; type: "local"; } | JsonRpcAccount>' was reduced to 'never' because property 'cacheTime' has conflicting types in some constituents.
node_modules/permissionless/accounts/kernel/toKernelSmartAccount.ts(698,11): error TS2345: Argument of type '{ address: `0x${string}`; abi: [{ type: "function"; name: "rootValidator"; inputs: []; outputs: [{ name: ""; type: "bytes21"; internalType: "ValidationId"; }]; stateMutability: "view"; }]; functionName: "rootValidator"; args: []; }' is not assignable to parameter of type 'ReadContractParameters<readonly [{ readonly type: "function"; readonly name: "rootValidator"; readonly inputs: readonly []; readonly outputs: readonly [{ readonly name: ""; readonly type: "bytes21"; readonly internalType: "ValidationId"; }]; readonly stateMutability: "view"; }], "rootValidator", readonly []>'.
  Type '{ address: `0x${string}`; abi: [{ type: "function"; name: "rootValidator"; inputs: []; outputs: [{ name: ""; type: "bytes21"; internalType: "ValidationId"; }]; stateMutability: "view"; }]; functionName: "rootValidator"; args: []; }' is not assignable to type '{ account?: `0x${string}` | Account; blockNumber?: bigint; factory?: `0x${string}`; factoryData?: `0x${string}`; authorizationList: any; stateOverride?: StateOverride; blockOverrides?: BlockOverrides<...>; blockTag?: BlockTag; } & { ...; } & { ...; }'.
    Property 'authorizationList' is missing in type '{ address: `0x${string}`; abi: [{ type: "function"; name: "rootValidator"; inputs: []; outputs: [{ name: ""; type: "bytes21"; internalType: "ValidationId"; }]; stateMutability: "view"; }]; functionName: "rootValidator"; args: []; }' but required in type '{ account?: `0x${string}` | Account; blockNumber?: bigint; factory?: `0x${string}`; factoryData?: `0x${string}`; authorizationList: any; stateOverride?: StateOverride; blockOverrides?: BlockOverrides<...>; blockTag?: BlockTag; }'.
node_modules/permissionless/accounts/kernel/utils/signTypedData.ts(53,9): error TS2322: Type '{ chainId?: number | bigint; name?: string; salt?: `0x${string}`; verifyingContract?: `0x${string}`; version?: string; }' is not assignable to type '{ [x: string]: [`Error: Cannot convert unknown type '${string}' to primitive type.`]; }'.
  Property 'chainId' is incompatible with index signature.
    Type 'number | bigint' is not assignable to type '[`Error: Cannot convert unknown type '${string}' to primitive type.`]'.
      Type 'number' is not assignable to type '[`Error: Cannot convert unknown type '${string}' to primitive type.`]'.
node_modules/permissionless/accounts/kernel/utils/signTypedData.ts(55,9): error TS2322: Type 'string' is not assignable to type '"string" | "address" | "bool" | "bytes" | "bytes1" | "bytes2" | "bytes3" | "bytes4" | "bytes5" | "bytes6" | "bytes7" | "bytes8" | "bytes9" | "bytes10" | "bytes11" | "bytes12" | ... 84 more ... | "EIP712Domain"'.
node_modules/permissionless/accounts/kernel/utils/signTypedData.ts(59,48): error TS2322: Type 'string' is not assignable to type '"string" | "address" | "bool" | "bytes" | "bytes1" | "bytes2" | "bytes3" | "bytes4" | "bytes5" | "bytes6" | "bytes7" | "bytes8" | "bytes9" | "bytes10" | "bytes11" | "bytes12" | ... 84 more ... | "EIP712Domain"'.
node_modules/permissionless/accounts/kernel/utils/signTypedData.ts(59,68): error TS2322: Type '{ chainId?: number | bigint; name?: string; salt?: `0x${string}`; verifyingContract?: `0x${string}`; version?: string; }' is not assignable to type '{ [x: string]: [`Error: Cannot convert unknown type '${string}' to primitive type.`]; }'.
  Property 'chainId' is incompatible with index signature.
    Type 'number | bigint' is not assignable to type '[`Error: Cannot convert unknown type '${string}' to primitive type.`]'.
      Type 'number' is not assignable to type '[`Error: Cannot convert unknown type '${string}' to primitive type.`]'.
node_modules/permissionless/accounts/light/toLightSmartAccount.ts(216,26): error TS2339: Property 'chain' does not exist on type 'never'.
  The intersection 'Client<Transport, Chain, { address: `0x${string}`; nonceManager?: NonceManager; sign?: (parameters: { hash: `0x${string}`; }) => Promise<`0x${string}`>; signAuthorization?: (parameters: AuthorizationRequest) => Promise<...>; ... 5 more ...; type: "local"; } | JsonRpcAccount>' was reduced to 'never' because property 'cacheTime' has conflicting types in some constituents.
node_modules/permissionless/accounts/light/toLightSmartAccount.ts(217,22): error TS2339: Property 'chain' does not exist on type 'never'.
  The intersection 'Client<Transport, Chain, { address: `0x${string}`; nonceManager?: NonceManager; sign?: (parameters: { hash: `0x${string}`; }) => Promise<`0x${string}`>; signAuthorization?: (parameters: AuthorizationRequest) => Promise<...>; ... 5 more ...; type: "local"; } | JsonRpcAccount>' was reduced to 'never' because property 'cacheTime' has conflicting types in some constituents.
node_modules/permissionless/accounts/nexus/toNexusSmartAccount.ts(185,26): error TS2339: Property 'chain' does not exist on type 'never'.
  The intersection 'Client<Transport, Chain, JsonRpcAccount | { address: `0x${string}`; nonceManager?: NonceManager; sign?: (parameters: { hash: `0x${string}`; }) => Promise<...>; ... 6 more ...; type: "local"; }>' was reduced to 'never' because property 'cacheTime' has conflicting types in some constituents.
node_modules/permissionless/accounts/nexus/toNexusSmartAccount.ts(186,22): error TS2339: Property 'chain' does not exist on type 'never'.
  The intersection 'Client<Transport, Chain, JsonRpcAccount | { address: `0x${string}`; nonceManager?: NonceManager; sign?: (parameters: { hash: `0x${string}`; }) => Promise<...>; ... 6 more ...; type: "local"; }>' was reduced to 'never' because property 'cacheTime' has conflicting types in some constituents.
node_modules/permissionless/accounts/nexus/toNexusSmartAccount.ts(198,57): error TS2345: Argument of type '{ address: `0x${string}`; abi: [{ name: "computeAccountAddress"; type: "function"; stateMutability: "view"; inputs: [{ type: "address"; name: "eoaOwner"; }, { type: "uint256"; name: "index"; }, { type: "address[]"; name: "attesters"; }, { ...; }]; outputs: [...]; }]; functionName: "computeAccountAddress"; args: [......' is not assignable to parameter of type 'ReadContractParameters<readonly [{ readonly name: "computeAccountAddress"; readonly type: "function"; readonly stateMutability: "view"; readonly inputs: readonly [{ readonly type: "address"; readonly name: "eoaOwner"; }, { readonly type: "uint256"; readonly name: "index"; }, { ...; }, { ...; }]; readonly outputs: re...'.
  Type '{ address: `0x${string}`; abi: [{ name: "computeAccountAddress"; type: "function"; stateMutability: "view"; inputs: [{ type: "address"; name: "eoaOwner"; }, { type: "uint256"; name: "index"; }, { type: "address[]"; name: "attesters"; }, { ...; }]; outputs: [...]; }]; functionName: "computeAccountAddress"; args: [......' is not assignable to type '{ account?: `0x${string}` | Account; blockNumber?: bigint; factory?: `0x${string}`; factoryData?: `0x${string}`; authorizationList: any; stateOverride?: StateOverride; blockOverrides?: BlockOverrides<...>; blockTag?: BlockTag; } & { ...; } & { ...; } & { ...; }'.
    Property 'authorizationList' is missing in type '{ address: `0x${string}`; abi: [{ name: "computeAccountAddress"; type: "function"; stateMutability: "view"; inputs: [{ type: "address"; name: "eoaOwner"; }, { type: "uint256"; name: "index"; }, { type: "address[]"; name: "attesters"; }, { ...; }]; outputs: [...]; }]; functionName: "computeAccountAddress"; args: [......' but required in type '{ account?: `0x${string}` | Account; blockNumber?: bigint; factory?: `0x${string}`; factoryData?: `0x${string}`; authorizationList: any; stateOverride?: StateOverride; blockOverrides?: BlockOverrides<...>; blockTag?: BlockTag; }'.
node_modules/permissionless/accounts/nexus/toNexusSmartAccount.ts(300,17): error TS2322: Type '{ chainId?: number | bigint; name?: string; salt?: `0x${string}`; verifyingContract?: `0x${string}`; version?: string; }' is not assignable to type '{ [x: string]: [`Error: Cannot convert unknown type '${string}' to primitive type.`]; }'.
  Property 'chainId' is incompatible with index signature.
    Type 'number | bigint' is not assignable to type '[`Error: Cannot convert unknown type '${string}' to primitive type.`]'.
      Type 'number' is not assignable to type '[`Error: Cannot convert unknown type '${string}' to primitive type.`]'.
node_modules/permissionless/accounts/nexus/toNexusSmartAccount.ts(302,17): error TS2322: Type 'string' is not assignable to type '"string" | "address" | "bool" | "bytes" | "bytes1" | "bytes2" | "bytes3" | "bytes4" | "bytes5" | "bytes6" | "bytes7" | "bytes8" | "bytes9" | "bytes10" | "bytes11" | "bytes12" | ... 84 more ... | "EIP712Domain"'.
node_modules/permissionless/accounts/nexus/toNexusSmartAccount.ts(308,17): error TS2322: Type 'string' is not assignable to type '"string" | "address" | "bool" | "bytes" | "bytes1" | "bytes2" | "bytes3" | "bytes4" | "bytes5" | "bytes6" | "bytes7" | "bytes8" | "bytes9" | "bytes10" | "bytes11" | "bytes12" | ... 84 more ... | "EIP712Domain"'.
node_modules/permissionless/accounts/nexus/toNexusSmartAccount.ts(310,17): error TS2322: Type '{ chainId?: number | bigint; name?: string; salt?: `0x${string}`; verifyingContract?: `0x${string}`; version?: string; }' is not assignable to type '{ [x: string]: [`Error: Cannot convert unknown type '${string}' to primitive type.`]; }'.
  Property 'chainId' is incompatible with index signature.
    Type 'number | bigint' is not assignable to type '[`Error: Cannot convert unknown type '${string}' to primitive type.`]'.
      Type 'number' is not assignable to type '[`Error: Cannot convert unknown type '${string}' to primitive type.`]'.
node_modules/permissionless/accounts/safe/toSafeSmartAccount.ts(1266,58): error TS2345: Argument of type '{ abi: readonly [{ readonly inputs: readonly []; readonly name: "proxyCreationCode"; readonly outputs: readonly [{ readonly internalType: "bytes"; readonly name: ""; readonly type: "bytes"; }]; readonly stateMutability: "pure"; readonly type: "function"; }]; address: `0x${string}`; functionName: "proxyCreationCode"; }' is not assignable to parameter of type 'ReadContractParameters<readonly [{ readonly inputs: readonly []; readonly name: "proxyCreationCode"; readonly outputs: readonly [{ readonly internalType: "bytes"; readonly name: ""; readonly type: "bytes"; }]; readonly stateMutability: "pure"; readonly type: "function"; }], "proxyCreationCode", readonly []>'.
  Type '{ abi: readonly [{ readonly inputs: readonly []; readonly name: "proxyCreationCode"; readonly outputs: readonly [{ readonly internalType: "bytes"; readonly name: ""; readonly type: "bytes"; }]; readonly stateMutability: "pure"; readonly type: "function"; }]; address: `0x${string}`; functionName: "proxyCreationCode"; }' is not assignable to type '{ account?: `0x${string}` | Account; blockNumber?: bigint; factory?: `0x${string}`; factoryData?: `0x${string}`; authorizationList: any; stateOverride?: StateOverride; blockOverrides?: BlockOverrides<...>; blockTag?: BlockTag; } & { ...; } & { ...; }'.
    Property 'authorizationList' is missing in type '{ abi: readonly [{ readonly inputs: readonly []; readonly name: "proxyCreationCode"; readonly outputs: readonly [{ readonly internalType: "bytes"; readonly name: ""; readonly type: "bytes"; }]; readonly stateMutability: "pure"; readonly type: "function"; }]; address: `0x${string}`; functionName: "proxyCreationCode"; }' but required in type '{ account?: `0x${string}` | Account; blockNumber?: bigint; factory?: `0x${string}`; factoryData?: `0x${string}`; authorizationList: any; stateOverride?: StateOverride; blockOverrides?: BlockOverrides<...>; blockTag?: BlockTag; }'.
node_modules/permissionless/accounts/safe/toSafeSmartAccount.ts(1492,26): error TS2339: Property 'chain' does not exist on type 'never'.
  The intersection 'Client<Transport, Chain, { address: `0x${string}`; nonceManager?: NonceManager; sign?: (parameters: { hash: `0x${string}`; }) => Promise<`0x${string}`>; signAuthorization?: (parameters: AuthorizationRequest) => Promise<...>; ... 5 more ...; type: "local"; } | JsonRpcAccount>' was reduced to 'never' because property 'cacheTime' has conflicting types in some constituents.
node_modules/permissionless/accounts/safe/toSafeSmartAccount.ts(1493,22): error TS2339: Property 'chain' does not exist on type 'never'.
  The intersection 'Client<Transport, Chain, { address: `0x${string}`; nonceManager?: NonceManager; sign?: (parameters: { hash: `0x${string}`; }) => Promise<`0x${string}`>; signAuthorization?: (parameters: AuthorizationRequest) => Promise<...>; ... 5 more ...; type: "local"; } | JsonRpcAccount>' was reduced to 'never' because property 'cacheTime' has conflicting types in some constituents.
node_modules/permissionless/accounts/simple/toSimpleSmartAccount.ts(229,26): error TS2339: Property 'chain' does not exist on type 'never'.
  The intersection 'Client<Transport, Chain, { address: `0x${string}`; nonceManager?: NonceManager; sign?: (parameters: { hash: `0x${string}`; }) => Promise<`0x${string}`>; signAuthorization?: (parameters: AuthorizationRequest) => Promise<...>; ... 5 more ...; type: "local"; } | JsonRpcAccount>' was reduced to 'never' because property 'cacheTime' has conflicting types in some constituents.
node_modules/permissionless/accounts/simple/toSimpleSmartAccount.ts(230,22): error TS2339: Property 'chain' does not exist on type 'never'.
  The intersection 'Client<Transport, Chain, { address: `0x${string}`; nonceManager?: NonceManager; sign?: (parameters: { hash: `0x${string}`; }) => Promise<`0x${string}`>; signAuthorization?: (parameters: AuthorizationRequest) => Promise<...>; ... 5 more ...; type: "local"; } | JsonRpcAccount>' was reduced to 'never' because property 'cacheTime' has conflicting types in some constituents.
node_modules/permissionless/accounts/thirdweb/toThirdwebSmartAccount.ts(133,26): error TS2339: Property 'chain' does not exist on type 'never'.
  The intersection 'Client<Transport, Chain, { address: `0x${string}`; nonceManager?: NonceManager; sign?: (parameters: { hash: `0x${string}`; }) => Promise<`0x${string}`>; signAuthorization?: (parameters: AuthorizationRequest) => Promise<...>; ... 5 more ...; type: "local"; } | JsonRpcAccount>' was reduced to 'never' because property 'cacheTime' has conflicting types in some constituents.
node_modules/permissionless/accounts/thirdweb/toThirdwebSmartAccount.ts(134,22): error TS2339: Property 'chain' does not exist on type 'never'.
  The intersection 'Client<Transport, Chain, { address: `0x${string}`; nonceManager?: NonceManager; sign?: (parameters: { hash: `0x${string}`; }) => Promise<`0x${string}`>; signAuthorization?: (parameters: AuthorizationRequest) => Promise<...>; ... 5 more ...; type: "local"; } | JsonRpcAccount>' was reduced to 'never' because property 'cacheTime' has conflicting types in some constituents.
node_modules/permissionless/accounts/thirdweb/utils/getAccountAddress.ts(21,7): error TS2345: Argument of type '{ address: `0x${string}`; abi: [{ inputs: [{ name: "_adminSigner"; type: "address"; }, { name: "_data"; type: "bytes"; }]; name: "getAddress"; outputs: [{ type: "address"; }]; stateMutability: "view"; type: "function"; }]; functionName: "getAddress"; args: [...]; }' is not assignable to parameter of type 'ReadContractParameters<readonly [{ readonly inputs: readonly [{ readonly name: "_adminSigner"; readonly type: "address"; }, { readonly name: "_data"; readonly type: "bytes"; }]; readonly name: "getAddress"; readonly outputs: readonly [{ readonly type: "address"; }]; readonly stateMutability: "view"; readonly type: "...'.
  Type '{ address: `0x${string}`; abi: [{ inputs: [{ name: "_adminSigner"; type: "address"; }, { name: "_data"; type: "bytes"; }]; name: "getAddress"; outputs: [{ type: "address"; }]; stateMutability: "view"; type: "function"; }]; functionName: "getAddress"; args: [...]; }' is not assignable to type '{ account?: `0x${string}` | Account; blockNumber?: bigint; factory?: `0x${string}`; factoryData?: `0x${string}`; authorizationList: any; stateOverride?: StateOverride; blockOverrides?: BlockOverrides<...>; blockTag?: BlockTag; } & { ...; } & { ...; } & { ...; }'.
    Property 'authorizationList' is missing in type '{ address: `0x${string}`; abi: [{ inputs: [{ name: "_adminSigner"; type: "address"; }, { name: "_data"; type: "bytes"; }]; name: "getAddress"; outputs: [{ type: "address"; }]; stateMutability: "view"; type: "function"; }]; functionName: "getAddress"; args: [...]; }' but required in type '{ account?: `0x${string}` | Account; blockNumber?: bigint; factory?: `0x${string}`; factoryData?: `0x${string}`; authorizationList: any; stateOverride?: StateOverride; blockOverrides?: BlockOverrides<...>; blockTag?: BlockTag; }'.
node_modules/permissionless/accounts/thirdweb/utils/signTypedData.ts(44,9): error TS2322: Type '{ chainId?: number | bigint; name?: string; salt?: `0x${string}`; verifyingContract?: `0x${string}`; version?: string; }' is not assignable to type '{ [x: string]: [`Error: Cannot convert unknown type '${string}' to primitive type.`]; }'.
  Property 'chainId' is incompatible with index signature.
    Type 'number | bigint' is not assignable to type '[`Error: Cannot convert unknown type '${string}' to primitive type.`]'.
      Type 'number' is not assignable to type '[`Error: Cannot convert unknown type '${string}' to primitive type.`]'.
node_modules/permissionless/accounts/thirdweb/utils/signTypedData.ts(46,9): error TS2322: Type 'string' is not assignable to type '"string" | "address" | "bool" | "bytes" | "bytes1" | "bytes2" | "bytes3" | "bytes4" | "bytes5" | "bytes6" | "bytes7" | "bytes8" | "bytes9" | "bytes10" | "bytes11" | "bytes12" | ... 84 more ... | "EIP712Domain"'.
node_modules/permissionless/accounts/thirdweb/utils/signTypedData.ts(50,48): error TS2322: Type 'string' is not assignable to type '"string" | "address" | "bool" | "bytes" | "bytes1" | "bytes2" | "bytes3" | "bytes4" | "bytes5" | "bytes6" | "bytes7" | "bytes8" | "bytes9" | "bytes10" | "bytes11" | "bytes12" | ... 84 more ... | "EIP712Domain"'.
node_modules/permissionless/accounts/thirdweb/utils/signTypedData.ts(50,68): error TS2322: Type '{ chainId?: number | bigint; name?: string; salt?: `0x${string}`; verifyingContract?: `0x${string}`; version?: string; }' is not assignable to type '{ [x: string]: [`Error: Cannot convert unknown type '${string}' to primitive type.`]; }'.
  Property 'chainId' is incompatible with index signature.
    Type 'number | bigint' is not assignable to type '[`Error: Cannot convert unknown type '${string}' to primitive type.`]'.
      Type 'number' is not assignable to type '[`Error: Cannot convert unknown type '${string}' to primitive type.`]'.
node_modules/permissionless/accounts/trust/toTrustSmartAccount.ts(139,26): error TS2339: Property 'chain' does not exist on type 'never'.
  The intersection 'Client<Transport, Chain, JsonRpcAccount | { address: `0x${string}`; nonceManager?: NonceManager; sign?: (parameters: { hash: `0x${string}`; }) => Promise<...>; ... 6 more ...; type: "local"; }>' was reduced to 'never' because property 'cacheTime' has conflicting types in some constituents.
node_modules/permissionless/accounts/trust/toTrustSmartAccount.ts(140,22): error TS2339: Property 'chain' does not exist on type 'never'.
  The intersection 'Client<Transport, Chain, JsonRpcAccount | { address: `0x${string}`; nonceManager?: NonceManager; sign?: (parameters: { hash: `0x${string}`; }) => Promise<...>; ... 6 more ...; type: "local"; }>' was reduced to 'never' because property 'cacheTime' has conflicting types in some constituents.
node_modules/permissionless/actions/erc7579/supportsExecutionMode.ts(72,36): error TS2339: Property 'account' does not exist on type 'never'.
  The intersection 'Client<Transport, Chain, TSmartAccount>' was reduced to 'never' because property 'cacheTime' has conflicting types in some constituents.
node_modules/permissionless/actions/erc7579/supportsExecutionMode.ts(120,11): error TS2345: Argument of type '{ abi: readonly [{ readonly name: "supportsExecutionMode"; readonly type: "function"; readonly stateMutability: "view"; readonly inputs: readonly [{ readonly type: "bytes32"; readonly name: "encodedMode"; }]; readonly outputs: readonly [...]; }]; functionName: "supportsExecutionMode"; args: [...]; address: `0x${stri...' is not assignable to parameter of type 'ReadContractParameters<readonly [{ readonly name: "supportsExecutionMode"; readonly type: "function"; readonly stateMutability: "view"; readonly inputs: readonly [{ readonly type: "bytes32"; readonly name: "encodedMode"; }]; readonly outputs: readonly [...]; }], "supportsExecutionMode", readonly [...]>'.
  Type '{ abi: readonly [{ readonly name: "supportsExecutionMode"; readonly type: "function"; readonly stateMutability: "view"; readonly inputs: readonly [{ readonly type: "bytes32"; readonly name: "encodedMode"; }]; readonly outputs: readonly [...]; }]; functionName: "supportsExecutionMode"; args: [...]; address: `0x${stri...' is not assignable to type '{ account?: `0x${string}` | Account; blockNumber?: bigint; factory?: `0x${string}`; factoryData?: `0x${string}`; authorizationList: any; stateOverride?: StateOverride; blockOverrides?: BlockOverrides<...>; blockTag?: BlockTag; } & { ...; } & { ...; } & { ...; }'.
    Property 'authorizationList' is missing in type '{ abi: readonly [{ readonly name: "supportsExecutionMode"; readonly type: "function"; readonly stateMutability: "view"; readonly inputs: readonly [{ readonly type: "bytes32"; readonly name: "encodedMode"; }]; readonly outputs: readonly [...]; }]; functionName: "supportsExecutionMode"; args: [...]; address: `0x${stri...' but required in type '{ account?: `0x${string}` | Account; blockNumber?: bigint; factory?: `0x${string}`; factoryData?: `0x${string}`; authorizationList: any; stateOverride?: StateOverride; blockOverrides?: BlockOverrides<...>; blockTag?: BlockTag; }'.
node_modules/permissionless/actions/erc7579/supportsModule.ts(46,40): error TS2339: Property 'account' does not exist on type 'never'.
  The intersection 'Client<Transport, Chain, TSmartAccount>' was reduced to 'never' because property 'cacheTime' has conflicting types in some constituents.
node_modules/permissionless/actions/erc7579/supportsModule.ts(82,11): error TS2345: Argument of type '{ abi: readonly [{ readonly name: "supportsModule"; readonly type: "function"; readonly stateMutability: "view"; readonly inputs: readonly [{ readonly type: "uint256"; readonly name: "moduleTypeId"; }]; readonly outputs: readonly [...]; }]; functionName: "supportsModule"; args: [...]; address: `0x${string}`; }' is not assignable to parameter of type 'ReadContractParameters<readonly [{ readonly name: "supportsModule"; readonly type: "function"; readonly stateMutability: "view"; readonly inputs: readonly [{ readonly type: "uint256"; readonly name: "moduleTypeId"; }]; readonly outputs: readonly [...]; }], "supportsModule", readonly [...]>'.
  Type '{ abi: readonly [{ readonly name: "supportsModule"; readonly type: "function"; readonly stateMutability: "view"; readonly inputs: readonly [{ readonly type: "uint256"; readonly name: "moduleTypeId"; }]; readonly outputs: readonly [...]; }]; functionName: "supportsModule"; args: [...]; address: `0x${string}`; }' is not assignable to type '{ account?: `0x${string}` | Account; blockNumber?: bigint; factory?: `0x${string}`; factoryData?: `0x${string}`; authorizationList: any; stateOverride?: StateOverride; blockOverrides?: BlockOverrides<...>; blockTag?: BlockTag; } & { ...; } & { ...; } & { ...; }'.
    Property 'authorizationList' is missing in type '{ abi: readonly [{ readonly name: "supportsModule"; readonly type: "function"; readonly stateMutability: "view"; readonly inputs: readonly [{ readonly type: "uint256"; readonly name: "moduleTypeId"; }]; readonly outputs: readonly [...]; }]; functionName: "supportsModule"; args: [...]; address: `0x${string}`; }' but required in type '{ account?: `0x${string}` | Account; blockNumber?: bigint; factory?: `0x${string}`; factoryData?: `0x${string}`; authorizationList: any; stateOverride?: StateOverride; blockOverrides?: BlockOverrides<...>; blockTag?: BlockTag; }'.
node_modules/permissionless/actions/public/getAccountNonce.ts(47,7): error TS2345: Argument of type '{ address: `0x${string}`; abi: [{ inputs: [{ name: "sender"; type: "address"; }, { name: "key"; type: "uint192"; }]; name: "getNonce"; outputs: [{ name: "nonce"; type: "uint256"; }]; stateMutability: "view"; type: "function"; }]; functionName: "getNonce"; args: [...]; }' is not assignable to parameter of type 'ReadContractParameters<readonly [{ readonly inputs: readonly [{ readonly name: "sender"; readonly type: "address"; }, { readonly name: "key"; readonly type: "uint192"; }]; readonly name: "getNonce"; readonly outputs: readonly [{ readonly name: "nonce"; readonly type: "uint256"; }]; readonly stateMutability: "view"; ...'.
  Type '{ address: `0x${string}`; abi: [{ inputs: [{ name: "sender"; type: "address"; }, { name: "key"; type: "uint192"; }]; name: "getNonce"; outputs: [{ name: "nonce"; type: "uint256"; }]; stateMutability: "view"; type: "function"; }]; functionName: "getNonce"; args: [...]; }' is not assignable to type '{ account?: `0x${string}` | Account; blockNumber?: bigint; factory?: `0x${string}`; factoryData?: `0x${string}`; authorizationList: any; stateOverride?: StateOverride; blockOverrides?: BlockOverrides<...>; blockTag?: BlockTag; } & { ...; } & { ...; } & { ...; }'.
    Property 'authorizationList' is missing in type '{ address: `0x${string}`; abi: [{ inputs: [{ name: "sender"; type: "address"; }, { name: "key"; type: "uint192"; }]; name: "getNonce"; outputs: [{ name: "nonce"; type: "uint256"; }]; stateMutability: "view"; type: "function"; }]; functionName: "getNonce"; args: [...]; }' but required in type '{ account?: `0x${string}` | Account; blockNumber?: bigint; factory?: `0x${string}`; factoryData?: `0x${string}`; authorizationList: any; stateOverride?: StateOverride; blockOverrides?: BlockOverrides<...>; blockTag?: BlockTag; }'.
node_modules/permissionless/actions/public/getSenderAddress.ts(120,20): error TS2322: Type '`0x${string}`' is not assignable to type 'readonly (readonly (readonly (readonly (readonly (readonly (readonly (readonly (readonly (readonly (readonly ...[])[])[])[])[])[])[])[])[])[])[] | readonly (readonly (readonly (readonly (readonly (readonly (readonly (readonly (readonly (readonly (readonly ...[])[])[])[])[])[])[])[])[])[])[]'.
node_modules/permissionless/actions/public/getSenderAddress.ts(120,39): error TS2322: Type '`0x${string}`' is not assignable to type 'readonly (readonly (readonly (readonly (readonly (readonly (readonly (readonly (readonly (readonly (readonly ...[])[])[])[])[])[])[])[])[])[])[] | readonly (readonly (readonly (readonly (readonly (readonly (readonly (readonly (readonly (readonly (readonly ...[])[])[])[])[])[])[])[])[])[])[]'.
node_modules/permissionless/actions/smartAccount/getCallsStatus.ts(45,16): error TS2339: Property 'chain' does not exist on type 'never'.
  The intersection 'Client<Transport, chain, account>' was reduced to 'never' because property 'cacheTime' has conflicting types in some constituents.
node_modules/permissionless/actions/smartAccount/getCallsStatus.ts(46,16): error TS2339: Property 'account' does not exist on type 'never'.
  The intersection 'Client<Transport, chain, account>' was reduced to 'never' because property 'cacheTime' has conflicting types in some constituents.
node_modules/permissionless/actions/smartAccount/getCallsStatus.ts(71,21): error TS2322: Type '{ address: `0x${string}`; blockHash: `0x${string}`; blockNumber: bigint; data: `0x${string}`; logIndex: number; transactionHash: `0x${string}`; transactionIndex: number; removed: boolean; }[]' is not assignable to type '{ address: `0x${string}`; data: `0x${string}`; topics: `0x${string}`[]; }[]'.
  Property 'topics' is missing in type '{ address: `0x${string}`; blockHash: `0x${string}`; blockNumber: bigint; data: `0x${string}`; logIndex: number; transactionHash: `0x${string}`; transactionIndex: number; removed: boolean; }' but required in type '{ address: `0x${string}`; data: `0x${string}`; topics: `0x${string}`[]; }'.
node_modules/permissionless/actions/smartAccount/sendCalls.ts(27,30): error TS2589: Type instantiation is excessively deep and possibly infinite.
node_modules/permissionless/actions/smartAccount/sendTransaction.ts(79,40): error TS2339: Property 'account' does not exist on type 'never'.
  The intersection 'Client<Transport, chain, account>' was reduced to 'never' because property 'cacheTime' has conflicting types in some constituents.
node_modules/permissionless/actions/smartAccount/signMessage.ts(61,36): error TS2339: Property 'account' does not exist on type 'never'.
  The intersection 'Client<Transport, Chain, TAccount>' was reduced to 'never' because property 'cacheTime' has conflicting types in some constituents.
node_modules/permissionless/actions/smartAccount/signTypedData.ts(122,36): error TS2339: Property 'account' does not exist on type 'never'.
  The intersection 'Client<Transport, Chain, TAccount>' was reduced to 'never' because property 'cacheTime' has conflicting types in some constituents.
node_modules/permissionless/clients/createSmartAccountClient.ts(117,41): error TS2344: Type 'undefined' does not satisfy the constraint 'never'.
  The intersection 'Client' was reduced to 'never' because property 'cacheTime' has conflicting types in some constituents.
node_modules/permissionless/clients/createSmartAccountClient.ts(145,49): error TS2339: Property 'chain' does not exist on type 'never'.
  The intersection 'Client' was reduced to 'never' because property 'cacheTime' has conflicting types in some constituents.
node_modules/permissionless/clients/createSmartAccountClient.ts(159,14): error TS2339: Property 'extend' does not exist on type 'never'.
node_modules/permissionless/clients/createSmartAccountClient.ts(179,10): error TS2339: Property 'extend' does not exist on type 'never'.
node_modules/permissionless/utils/ox.ts(11,27): error TS1323: Dynamic imports are only supported when the '--module' flag is set to 'es2020', 'es2022', 'esnext', 'commonjs', 'amd', 'system', 'umd', 'node16', 'node18', 'node20', or 'nodenext'.
node_modules/permissionless/utils/ox.ts(11,34): error TS2307: Cannot find module 'ox' or its corresponding type declarations.
node_modules/permissionless/utils/toOwner.ts(74,45): error TS2345: Argument of type '{ message: SignableMessage; }' is not assignable to parameter of type 'SignMessageParameters<Account>'.
  Property 'account' is missing in type '{ message: SignableMessage; }' but required in type 'ExactRequired<{ account?: `0x${string}` | Account; }>'.
src/services/smartWalletService.ts(40,13): error TS2322: Type 'any' is not assignable to type 'never'.
  The intersection 'Client<Transport, Chain, { address: `0x${string}`; nonceManager?: NonceManager; sign?: (parameters: { hash: `0x${string}`; }) => Promise<`0x${string}`>; signAuthorization?: (parameters: AuthorizationRequest) => Promise<...>; ... 5 more ...; type: "local"; } | JsonRpcAccount>' was reduced to 'never' because property 'cacheTime' has conflicting types in some constituents.
src/services/smartWalletService.ts(43,13): error TS2322: Type '`0x${string}`' is not assignable to type '{ address: `0x${string}`; version: EntryPointVersion; }'.
